<html>
<body>
<pre>
<h1>礦ision Build Log</h1>
<h2>Tool Versions:</h2>
IDE-Version: μVision V5.14.0.0
Copyright (C) 2015 ARM Ltd and ARM Germany GmbH. All rights reserved.
License Information: Qi Te, Texot, LIC=Y2BVE-5RTWS-IMF9B-2EIUF-WBZKX-HTEU5
 
Tool Versions:
Toolchain:       MDK-ARM Professional  Version: 5.14.0.0
Toolchain Path:  C:\Keil_v5\ARM\ARMCC\Bin
C Compiler:      Armcc.exe V5.05 update 1 (build 106)
Assembler:       Armasm.exe V5.05 update 1 (build 106)
Linker/Locator:  ArmLink.exe V5.05 update 1 (build 106)
Library Manager: ArmAr.exe V5.05 update 1 (build 106)
Hex Converter:   FromElf.exe V5.05 update 1 (build 106)
CPU DLL:         SARMCM3.DLL V5.14.0.0
Dialog DLL:      DARMSTM.DLL V1.65.0.0
Target DLL:      Segger\JL2CM3.dll V2.99.13.0
Dialog DLL:      TARMSTM.DLL V1.64.0.0
 
<h2>Project:</h2>
Y:\My\Projects\RoboMasters\电控开源\电机驱动\RoboMasters_Motor_Driver_硬件初始化程序\RoboMasters_Motor_Driver_硬件初始化程序\Project\STM32F103C.uvproj
Project File Date:  03/25/2015

<h2>Output:</h2>
Build target 'STM32F103C8T6'
compiling pwm.c...
linking...
Program Size: Code=3140 RO-data=268 RW-data=20 ZI-data=1028  
".\Objects\STM32F103C.axf" - 0 Error(s), 0 Warning(s).
</pre>
</body>
</html>
