<html>
<body>
<pre>
<h1>礦ision Build Log</h1>
<h2>Tool Versions:</h2>
IDE-Version: μVision V5.13.0.0
Copyright (C) 2014 ARM Ltd and ARM Germany GmbH. All rights reserved.
License Information: hu jun, csu, LIC=R4HJJ-U84SZ-UKRB6-DKBFF-NB0K4-70ESZ
 
Tool Versions:
Toolchain:       MDK-ARM Professional  Version: 5.13.0.0
Toolchain Path:  F:\Keil_v5\ARM\ARMCC\Bin
C Compiler:      Armcc.exe V5.05 update 1 (build 106)
Assembler:       Armasm.exe V5.05 update 1 (build 106)
Linker/Locator:  ArmLink.exe V5.05 update 1 (build 106)
Library Manager: ArmAr.exe V5.05 update 1 (build 106)
Hex Converter:   FromElf.exe V5.05 update 1 (build 106)
CPU DLL:         SARMCM3.DLL V5.13.0.0
Dialog DLL:      DARMSTM.DLL V1.65.0.0
Target DLL:      Segger\JL2CM3.dll V2.99.11.0
Dialog DLL:      TARMSTM.DLL V1.64.0.0
 
<h2>Project:</h2>
M:\study.exe\嵌入式\机器人大赛\报名通过发布1\keil程序-wswn\RoboMasters_Motor_Driver_硬件初始化程序\Project\STM32F103C.uvprojx
Project File Date:  03/30/2015

<h2>Output:</h2>
Rebuild target 'STM32F103C8T6'
compiling core_cm3.c...
compiling system_stm32f10x.c...
assembling startup_stm32f10x_md.s...
compiling misc.c...
compiling stm32f10x_adc.c...
compiling stm32f10x_can.c...
compiling stm32f10x_gpio.c...
compiling stm32f10x_rcc.c...
compiling stm32f10x_tim.c...
compiling stm32f10x_usart.c...
compiling stm32f10x_dma.c...
compiling stm32f10x_flash.c...
compiling stm32f10x_exti.c...
compiling led.c...
compiling encoder.c...
compiling tim2.c...
compiling pwm.c...
compiling delay.c...
compiling usart2.c...
compiling can.c...
compiling ad.c...
compiling flash.c...
compiling key.c...
compiling sys.c...
compiling main.c...
compiling stm32f10x_it.c...
compiling motor.c...
linking...
Program Size: Code=5256 RO-data=268 RW-data=88 ZI-data=1040  
".\Objects\STM32F103C.axf" - 0 Error(s), 0 Warning(s).

<h2>Collection of Component include folders:</h2>
  M:\study.exe\嵌入式\机器人大赛\报名通过发布1\keil程序-wswn\RoboMasters_Motor_Driver_硬件初始化程序\Project\RTE
  F:\Keil_v5\ARM\PACK\Keil\STM32F1xx_DFP\1.0.5\Device\Include

<h2>Collection of Component Files used:</h2>
</pre>
</body>
</html>
